Hello, world !
Hello, world !
Hello, world !
10
284525
